Microchip MPLAB XC8 Compiler V2.10 ()

Linker command line:

-W-3 --edf=D:\MPLAB\complier\pic\dat\en_msgs.txt -cs \
  -h+dist/default/production\SPI_LCM_senddataversion2.X.production.sym \
  --cmf=dist/default/production\SPI_LCM_senddataversion2.X.production.cmf \
  -z -Q16F18323 -oC:\Users\ZACKCH~1\AppData\Local\Temp\s8i0.2 \
  --defsym=__MPLAB_BUILD=1 \
  -Mdist/default/production/SPI_LCM_senddataversion2.X.production.map -E1 \
  -ver=XC8 --acfsm=1493 -ASTACK=02078h-020EFh -pstack=STACK \
  -ACODE=00h-07FFh -ASTRCODE=00h-07FFh -ASTRING=00h-0FFhx8 \
  -ACONST=00h-0FFhx8 -AENTRY=00h-0FFhx8 -ACOMMON=070h-07Fh \
  -ABANK0=020h-06Fh -ABANK1=0A0h-0EFh -ABANK2=0120h-016Fh \
  -ABIGRAM=02000h-020EFh -ARAM=020h-06Fh,0A0h-0EFh,0120h-016Fh \
  -AABS1=020h-07Fh,0A0h-0EFh,0120h-016Fh -ASFR0=00h-01Fh -ASFR1=080h-09Fh \
  -ASFR2=0100h-011Fh -ASFR3=0180h-01EFh -ASFR4=0200h-026Fh \
  -ASFR5=0280h-02EFh -ASFR6=0300h-036Fh -ASFR7=0380h-03EFh \
  -ASFR8=0400h-046Fh -ASFR9=0480h-04EFh -ASFR10=0500h-056Fh \
  -ASFR11=0580h-05EFh -ASFR12=0600h-066Fh -ASFR13=0680h-06EFh \
  -ASFR14=0700h-076Fh -ASFR15=0780h-07EFh -ASFR16=0800h-086Fh \
  -ASFR17=0880h-08EFh -ASFR18=0900h-096Fh -ASFR19=0980h-09EFh \
  -ASFR20=0A00h-0A6Fh -ASFR21=0A80h-0AEFh -ASFR22=0B00h-0B6Fh \
  -ASFR23=0B80h-0BEFh -ASFR24=0C00h-0C6Fh -ASFR25=0C80h-0CEFh \
  -ASFR26=0D00h-0D6Fh -ASFR27=0D80h-0DEFh -ASFR28=0E00h-0E6Fh \
  -ASFR29=0E80h-0EEFh -ASFR30=0F00h-0F6Fh -ASFR31=0F80h-0FEFh \
  -preset_vec=00h,intentry=04h,init,end_init -ppowerup=CODE -pcinit=CODE \
  -pfunctab=ENTRY -ACONFIG=08007h-0800Ah -pconfig=CONFIG -DCONFIG=2 \
  -AIDLOC=08000h-08003h -pidloc=IDLOC -DIDLOC=2 -AEEDATA=00h-0FFh/0F000h \
  -peeprom_data=EEDATA -DEEDATA=2 -DCODE=2 -DSTRCODE=2 -DSTRING=2 -DCONST=2 \
  -DENTRY=2 -k C:\Users\ZACKCH~1\AppData\Local\Temp\s8i0.o \
  dist/default/production\SPI_LCM_senddataversion2.X.production.o 

Object code version is 3.11

Machine type is 16F18323



                Name                               Link     Load   Length Selector   Space Scale
C:\Users\ZACKCH~1\AppData\Local\Temp\s8i0.o
                end_init                             12       12        1        8       0
                reset_vec                             0        0        1        0       0
                config                             8007     8007        3    1000E       0
dist/default/production\SPI_LCM_senddataversion2.X.production.o
                cinit                                13       13       14        8       0
                intentry                              4        4        E        8       0
                text10                              125      125       22        8       0
                text8                               1B2      1B2       13        8       0
                text7                                27       27       D6        8       0
                text6                               199      199       19        8       0
                text5                               17F      17F       1A        8       0
                text4                               163      163       1C        8       0
                text3                               147      147       1C        8       0
                text2                               1D7      1D7        D        8       0
                text1                               1C5      1C5       12        8       0
                maintext                             FD       FD       28        8       0
                cstackBANK0                          20       20       2B       20       1
                cstackCOMMON                         70       70        A       70       1
                clrtext                             1E4      1E4        6        8       0
                bssBANK1                             A0       A0       28       A0       1
                bssBANK0                             4B       4B        5       20       1
                bssCOMMON                            7A       7A        3       70       1
                nvBANK0                              50       50        3       20       1

TOTAL           Name                               Link     Load   Length     Space
        CLASS   STACK          

        CLASS   CODE           
                end_init                             12       12        1         0
                cinit                                13       13       14         0
                intentry                              4        4        E         0
                reset_vec                             0        0        1         0
                text10                              125      125       22         0
                text8                               1B2      1B2       13         0
                text7                                27       27       D6         0
                text6                               199      199       19         0
                text5                               17F      17F       1A         0
                text4                               163      163       1C         0
                text3                               147      147       1C         0
                text2                               1D7      1D7        D         0
                text1                               1C5      1C5       12         0
                maintext                             FD       FD       28         0
                clrtext                             1E4      1E4        6         0

        CLASS   STRCODE        

        CLASS   STRING         

        CLASS   CONST          

        CLASS   ENTRY          

        CLASS   COMMON         
                cstackCOMMON                         70       70        A         1
                bssCOMMON                            7A       7A        3         1

        CLASS   BANK0          
                cstackBANK0                          20       20       2B         1
                bssBANK0                             4B       4B        5         1
                nvBANK0                              50       50        3         1

        CLASS   BANK1          
                bssBANK1                             A0       A0       28         1

        CLASS   BANK2          

        CLASS   BIGRAM         

        CLASS   RAM            

        CLASS   ABS1           
                abs_s1                               7E       7E        2         1

        CLASS   SFR0           

        CLASS   SFR1           

        CLASS   SFR2           

        CLASS   SFR3           

        CLASS   SFR4           

        CLASS   SFR5           

        CLASS   SFR6           

        CLASS   SFR7           

        CLASS   SFR8           

        CLASS   SFR9           

        CLASS   SFR10          

        CLASS   SFR11          

        CLASS   SFR12          

        CLASS   SFR13          

        CLASS   SFR14          

        CLASS   SFR15          

        CLASS   SFR16          

        CLASS   SFR17          

        CLASS   SFR18          

        CLASS   SFR19          

        CLASS   SFR20          

        CLASS   SFR21          

        CLASS   SFR22          

        CLASS   SFR23          

        CLASS   SFR24          

        CLASS   SFR25          

        CLASS   SFR26          

        CLASS   SFR27          

        CLASS   SFR28          

        CLASS   SFR29          

        CLASS   SFR30          

        CLASS   SFR31          

        CLASS   CONFIG         
                config                             8007     8007        3         0

        CLASS   IDLOC          

        CLASS   EEDATA         

        CLASS   BANK31         

        CLASS   BANK30         

        CLASS   BANK29         

        CLASS   BANK28         

        CLASS   BANK27         

        CLASS   BANK26         

        CLASS   BANK25         

        CLASS   BANK24         

        CLASS   BANK23         

        CLASS   BANK22         

        CLASS   BANK21         

        CLASS   BANK20         

        CLASS   BANK19         

        CLASS   BANK18         

        CLASS   BANK17         

        CLASS   BANK16         

        CLASS   BANK15         

        CLASS   BANK14         

        CLASS   BANK13         

        CLASS   BANK12         

        CLASS   BANK11         

        CLASS   BANK10         

        CLASS   BANK9          

        CLASS   BANK8          

        CLASS   BANK7          

        CLASS   BANK6          

        CLASS   BANK5          

        CLASS   BANK4          

        CLASS   BANK3          



SEGMENTS        Name                           Load    Length   Top    Selector   Space  Class     Delta

                reset_vec                      000000  000001  000001         0       0  CODE        2
                intentry                       000004  0001E6  0001EA         8       0  CODE        2
                cstackBANK0                    000020  000033  000053        20       1  BANK0       1
                cstackCOMMON                   000070  00000D  00007D        70       1  COMMON      1
                bssBANK1                       0000A0  000028  0000C8        A0       1  BANK1       1
                config                         008007  000003  00800A     1000E       0  CONFIG      2


UNUSED ADDRESS RANGES

        Name                Unused          Largest block    Delta
        BANK0            00053-0006F              1D           1
        BANK1            000C8-000EF              28           1
        BANK2            00120-0016F              50           1
        BIGRAM           02000-020EF              F0           1
        CODE             00001-00003               3           2
                         001EA-007FF             616
        COMMON           0007D-0007D               1           1
        CONFIG           0800A-0800A               1           2
        CONST            00001-00003               3           2
                         001EA-007FF             100
        EEDATA           0F000-0F0FF             100           2
        ENTRY            00001-00003               3           2
                         001EA-007FF             100
        IDLOC            08000-08003               4           2
        RAM              00053-0006F              1D           1
                         000C8-000EF              28
                         00120-0016F              50
        SFR0             00000-0001F              20           1
        SFR1             00080-0009F              20           1
        SFR10            00500-0056F              70           1
        SFR11            00580-005EF              70           1
        SFR12            00600-0066F              70           1
        SFR13            00680-006EF              70           1
        SFR14            00700-0076F              70           1
        SFR15            00780-007EF              70           1
        SFR16            00800-0086F              70           1
        SFR17            00880-008EF              70           1
        SFR18            00900-0096F              70           1
        SFR19            00980-009EF              70           1
        SFR2             00100-0011F              20           1
        SFR20            00A00-00A6F              70           1
        SFR21            00A80-00AEF              70           1
        SFR22            00B00-00B6F              70           1
        SFR23            00B80-00BEF              70           1
        SFR24            00C00-00C6F              70           1
        SFR25            00C80-00CEF              70           1
        SFR26            00D00-00D6F              70           1
        SFR27            00D80-00DEF              70           1
        SFR28            00E00-00E6F              70           1
        SFR29            00E80-00EEF              70           1
        SFR3             00180-001EF              70           1
        SFR30            00F00-00F6F              70           1
        SFR31            00F80-00FEF              70           1
        SFR4             00200-0026F              70           1
        SFR5             00280-002EF              70           1
        SFR6             00300-0036F              70           1
        SFR7             00380-003EF              70           1
        SFR8             00400-0046F              70           1
        SFR9             00480-004EF              70           1
        STACK            02078-020EF              78           1
        STRCODE          00001-00003               3           2
                         001EA-007FF             616
        STRING           00001-00003               3           2
                         001EA-007FF             100

                                  Symbol Table

_ANSELCbits                      (abs)        0018E
_CLK                             text10       00125
_CLKOK                           bssBANK0     0004E
_CLK_count                       bssBANK0     0004D
_Clear_Ram_data                  text6        00199
_INTCONbits                      (abs)        0000B
_IO_inital                       text8        001B2
_ISR                             intentry     00004
_LATCbits                        (abs)        0010E
_LCD_BIAS_DUTY_1_2_4COM          text5        0017F
_LCD_ON                          text4        00163
_LCM_init                        text2        001D7
_PIE0bits                        (abs)        00090
_PIR0bits                        (abs)        00010
_T0CON0bits                      (abs)        00017
_T0CON1bits                      (abs)        00018
_TMR0H                           (abs)        00016
_TMR0IF                          (abs)        00085
_TRISCbits                       (abs)        0008E
_Timer0_Init                     text1        001C5
__CFG_BORV$HIGH                  (abs)        00000
__CFG_FEXTOSC$OFF                (abs)        00000
__CFG_LVP$OFF                    (abs)        00000
__CFG_MCLRE$OFF                  (abs)        00000
__CFG_RSTOSC$HFINT32             (abs)        00000
__CFG_WDTE$OFF                   (abs)        00000
__Habs1                          abs1         00000
__Hbank0                         bank0        00000
__Hbank1                         bank1        00000
__Hbank10                        bank10       00000
__Hbank11                        bank11       00000
__Hbank12                        bank12       00000
__Hbank13                        bank13       00000
__Hbank14                        bank14       00000
__Hbank15                        bank15       00000
__Hbank16                        bank16       00000
__Hbank17                        bank17       00000
__Hbank18                        bank18       00000
__Hbank19                        bank19       00000
__Hbank2                         bank2        00000
__Hbank20                        bank20       00000
__Hbank21                        bank21       00000
__Hbank22                        bank22       00000
__Hbank23                        bank23       00000
__Hbank24                        bank24       00000
__Hbank25                        bank25       00000
__Hbank26                        bank26       00000
__Hbank27                        bank27       00000
__Hbank28                        bank28       00000
__Hbank29                        bank29       00000
__Hbank3                         bank3        00000
__Hbank30                        bank30       00000
__Hbank31                        bank31       00000
__Hbank4                         bank4        00000
__Hbank5                         bank5        00000
__Hbank6                         bank6        00000
__Hbank7                         bank7        00000
__Hbank8                         bank8        00000
__Hbank9                         bank9        00000
__Hbigram                        bigram       00000
__HbssBANK0                      bssBANK0     00000
__HbssBANK1                      bssBANK1     00000
__HbssCOMMON                     bssCOMMON    00000
__Hcinit                         cinit        00027
__Hclrtext                       clrtext      00000
__Hcode                          code         00000
__Hcommon                        common       00000
__Hconfig                        config       0800A
__HcstackBANK0                   cstackBANK0  00000
__HcstackCOMMON                  cstackCOMMON 00000
__Heeprom_data                   eeprom_data  00000
__Hend_init                      end_init     00013
__Hfunctab                       functab      00000
__Hidloc                         idloc        00000
__Hinit                          init         00012
__Hintentry                      intentry     00012
__Hmaintext                      maintext     00000
__HnvBANK0                       nvBANK0      00000
__Hpowerup                       powerup      00000
__Hram                           ram          00000
__Hreset_vec                     reset_vec    00001
__Hsfr0                          sfr0         00000
__Hsfr1                          sfr1         00000
__Hsfr10                         sfr10        00000
__Hsfr11                         sfr11        00000
__Hsfr12                         sfr12        00000
__Hsfr13                         sfr13        00000
__Hsfr14                         sfr14        00000
__Hsfr15                         sfr15        00000
__Hsfr16                         sfr16        00000
__Hsfr17                         sfr17        00000
__Hsfr18                         sfr18        00000
__Hsfr19                         sfr19        00000
__Hsfr2                          sfr2         00000
__Hsfr20                         sfr20        00000
__Hsfr21                         sfr21        00000
__Hsfr22                         sfr22        00000
__Hsfr23                         sfr23        00000
__Hsfr24                         sfr24        00000
__Hsfr25                         sfr25        00000
__Hsfr26                         sfr26        00000
__Hsfr27                         sfr27        00000
__Hsfr28                         sfr28        00000
__Hsfr29                         sfr29        00000
__Hsfr3                          sfr3         00000
__Hsfr30                         sfr30        00000
__Hsfr31                         sfr31        00000
__Hsfr4                          sfr4         00000
__Hsfr5                          sfr5         00000
__Hsfr6                          sfr6         00000
__Hsfr7                          sfr7         00000
__Hsfr8                          sfr8         00000
__Hsfr9                          sfr9         00000
__Hspace_0                       (abs)        0800A
__Hspace_1                       (abs)        000C8
__Hspace_2                       (abs)        00000
__Hspace_3                       (abs)        00000
__Hstack                         stack        00000
__Hstrings                       strings      00000
__Htext                          text         00000
__Labs1                          abs1         00000
__Lbank0                         bank0        00000
__Lbank1                         bank1        00000
__Lbank10                        bank10       00000
__Lbank11                        bank11       00000
__Lbank12                        bank12       00000
__Lbank13                        bank13       00000
__Lbank14                        bank14       00000
__Lbank15                        bank15       00000
__Lbank16                        bank16       00000
__Lbank17                        bank17       00000
__Lbank18                        bank18       00000
__Lbank19                        bank19       00000
__Lbank2                         bank2        00000
__Lbank20                        bank20       00000
__Lbank21                        bank21       00000
__Lbank22                        bank22       00000
__Lbank23                        bank23       00000
__Lbank24                        bank24       00000
__Lbank25                        bank25       00000
__Lbank26                        bank26       00000
__Lbank27                        bank27       00000
__Lbank28                        bank28       00000
__Lbank29                        bank29       00000
__Lbank3                         bank3        00000
__Lbank30                        bank30       00000
__Lbank31                        bank31       00000
__Lbank4                         bank4        00000
__Lbank5                         bank5        00000
__Lbank6                         bank6        00000
__Lbank7                         bank7        00000
__Lbank8                         bank8        00000
__Lbank9                         bank9        00000
__Lbigram                        bigram       00000
__LbssBANK0                      bssBANK0     00000
__LbssBANK1                      bssBANK1     00000
__LbssCOMMON                     bssCOMMON    00000
__Lcinit                         cinit        00013
__Lclrtext                       clrtext      00000
__Lcode                          code         00000
__Lcommon                        common       00000
__Lconfig                        config       08007
__LcstackBANK0                   cstackBANK0  00000
__LcstackCOMMON                  cstackCOMMON 00000
__Leeprom_data                   eeprom_data  00000
__Lend_init                      end_init     00012
__Lfunctab                       functab      00000
__Lidloc                         idloc        00000
__Linit                          init         00012
__Lintentry                      intentry     00004
__Lmaintext                      maintext     00000
__LnvBANK0                       nvBANK0      00000
__Lpowerup                       powerup      00000
__Lram                           ram          00000
__Lreset_vec                     reset_vec    00000
__Lsfr0                          sfr0         00000
__Lsfr1                          sfr1         00000
__Lsfr10                         sfr10        00000
__Lsfr11                         sfr11        00000
__Lsfr12                         sfr12        00000
__Lsfr13                         sfr13        00000
__Lsfr14                         sfr14        00000
__Lsfr15                         sfr15        00000
__Lsfr16                         sfr16        00000
__Lsfr17                         sfr17        00000
__Lsfr18                         sfr18        00000
__Lsfr19                         sfr19        00000
__Lsfr2                          sfr2         00000
__Lsfr20                         sfr20        00000
__Lsfr21                         sfr21        00000
__Lsfr22                         sfr22        00000
__Lsfr23                         sfr23        00000
__Lsfr24                         sfr24        00000
__Lsfr25                         sfr25        00000
__Lsfr26                         sfr26        00000
__Lsfr27                         sfr27        00000
__Lsfr28                         sfr28        00000
__Lsfr29                         sfr29        00000
__Lsfr3                          sfr3         00000
__Lsfr30                         sfr30        00000
__Lsfr31                         sfr31        00000
__Lsfr4                          sfr4         00000
__Lsfr5                          sfr5         00000
__Lsfr6                          sfr6         00000
__Lsfr7                          sfr7         00000
__Lsfr8                          sfr8         00000
__Lsfr9                          sfr9         00000
__Lspace_0                       (abs)        00000
__Lspace_1                       (abs)        00000
__Lspace_2                       (abs)        00000
__Lspace_3                       (abs)        00000
__Lstack                         stack        00000
__Lstrings                       strings      00000
__Ltext                          text         00000
__S0                             (abs)        0800A
__S1                             (abs)        000C8
__S2                             (abs)        00000
__S3                             (abs)        00000
___int_sp                        stack        00000
___latbits                       (abs)        00000
___sp                            stack        00000
___stackhi                       (abs)        020EF
___stacklo                       (abs)        02078
__end_of_CLK                     text10       00147
__end_of_Clear_Ram_data          text6        001B2
__end_of_IO_inital               text8        001C5
__end_of_ISR                     intentry     00012
__end_of_LCD_BIAS_DUTY_1_2_4COM  text5        00199
__end_of_LCD_ON                  text4        0017F
__end_of_LCM_init                text2        001E4
__end_of_Timer0_Init             text1        001D7
__end_of__initialization         cinit        00024
__end_of_main                    maintext     00125
__end_of_sentdata                text7        000FD
__end_of_system_enable           text3        00163
__initialization                 cinit        00013
__pbssBANK0                      bssBANK0     0004B
__pbssBANK1                      bssBANK1     000A0
__pbssCOMMON                     bssCOMMON    0007A
__pcstackBANK0                   cstackBANK0  00020
__pcstackCOMMON                  cstackCOMMON 00070
__pintentry                      intentry     00004
__pmaintext                      maintext     000FD
__pnvBANK0                       nvBANK0      00050
__ptext1                         text1        001C5
__ptext10                        text10       00125
__ptext2                         text2        001D7
__ptext3                         text3        00147
__ptext4                         text4        00163
__ptext5                         text5        0017F
__ptext6                         text6        00199
__ptext7                         text7        00027
__ptext8                         text8        001B2
__size_of_CLK                    (abs)        00000
__size_of_Clear_Ram_data         (abs)        00000
__size_of_IO_inital              (abs)        00000
__size_of_ISR                    (abs)        00000
__size_of_LCD_BIAS_DUTY_1_2_4COM (abs)        00000
__size_of_LCD_ON                 (abs)        00000
__size_of_LCM_init               (abs)        00000
__size_of_Timer0_Init            (abs)        00000
__size_of_main                   (abs)        00000
__size_of_sentdata               (abs)        00000
__size_of_system_enable          (abs)        00000
_clk_control                     bssBANK0     0004F
_endsend                         bssCOMMON    0007A
_i                               bssCOMMON    0007B
_main                            maintext     000FD
_n                               bssCOMMON    0007C
_reg                             nvBANK0      00050
_sendbit                         nvBANK0      00052
_sentdata                        text7        00027
_system_enable                   text3        00147
btemp                            (abs)        0007E
clear_ram0                       clrtext      001E4
end_of_initialization            cinit        00024
int$flags                        (abs)        0007E
intlevel0                        functab      00000
intlevel1                        functab      00000
intlevel2                        functab      00000
intlevel3                        functab      00000
intlevel4                        functab      00000
intlevel5                        functab      00000
reset_vec                        reset_vec    00000
sentdata@Ram_address             cstackCOMMON 00071
sentdata@Ram_data                cstackCOMMON 00073
sentdata@bit                     cstackCOMMON 00074
sentdata@databuff                cstackBANK0  00020
sentdata@slave_address           cstackBANK0  00048
sentdata@slave_length            cstackBANK0  00049
start                            init         00012
start_initialization             cinit        00013
wtemp0                           (abs)        0007E


FUNCTION INFORMATION:

 *************** function _main *****************
 Defined at:
		line 65 in file "LCM_SPI_senddataversion2.c"
 Parameters:    Size  Location     Type
		None
 Auto vars:     Size  Location     Type
		None
 Return value:  Size  Location     Type
                  1    wreg      void 
 Registers used:
		wreg, fsr1l, fsr1h, status,2, status,0, pclath, cstack
 Tracked objects:
		On entry : 
		On exit  : 
		Unchanged: 
 Data sizes:     COMMON   BANK0   BANK1   BANK2
      Params:         0       0       0       0
      Locals:         0       0       0       0
      Temps:          0       1       0       0
      Totals:         0       1       0       0
Total ram usage:        1 bytes
 Hardware stack levels required when called:    5
 This function calls:
		_IO_inital
		_LCM_init
		_Timer0_Init
		_sentdata
 This function is called by:
		Startup code after reset
 This function uses a non-reentrant model


 *************** function _Timer0_Init *****************
 Defined at:
		line 22 in file "./LCM_sent_double_data.c"
 Parameters:    Size  Location     Type
		None
 Auto vars:     Size  Location     Type
		None
 Return value:  Size  Location     Type
                  1    wreg      void 
 Registers used:
		wreg, status,2, status,0
 Tracked objects:
		On entry : 
		On exit  : 
		Unchanged: 
 Data sizes:     COMMON   BANK0   BANK1   BANK2
      Params:         0       0       0       0
      Locals:         0       0       0       0
      Temps:          0       0       0       0
      Totals:         0       0       0       0
Total ram usage:        0 bytes
 Hardware stack levels used:    1
 Hardware stack levels required when called:    2
 This function calls:
		Nothing
 This function is called by:
		_main
 This function uses a non-reentrant model


 *************** function _LCM_init *****************
 Defined at:
		line 36 in file "LCM_SPI_senddataversion2.c"
 Parameters:    Size  Location     Type
		None
 Auto vars:     Size  Location     Type
		None
 Return value:  Size  Location     Type
                  1    wreg      void 
 Registers used:
		wreg, fsr1l, fsr1h, status,2, status,0, pclath, cstack
 Tracked objects:
		On entry : 
		On exit  : 
		Unchanged: 
 Data sizes:     COMMON   BANK0   BANK1   BANK2
      Params:         0       0       0       0
      Locals:         0       0       0       0
      Temps:          0       0       0       0
      Totals:         0       0       0       0
Total ram usage:        0 bytes
 Hardware stack levels used:    1
 Hardware stack levels required when called:    4
 This function calls:
		_Clear_Ram_data
		_LCD_BIAS_DUTY_1_2_4COM
		_LCD_ON
		_system_enable
 This function is called by:
		_main
 This function uses a non-reentrant model


 *************** function _system_enable *****************
 Defined at:
		line 130 in file "./LCM_sent_double_data.c"
 Parameters:    Size  Location     Type
		None
 Auto vars:     Size  Location     Type
		None
 Return value:  Size  Location     Type
                  1    wreg      void 
 Registers used:
		wreg, fsr1l, fsr1h, status,2, status,0, pclath, cstack
 Tracked objects:
		On entry : 
		On exit  : 
		Unchanged: 
 Data sizes:     COMMON   BANK0   BANK1   BANK2
      Params:         0       0       0       0
      Locals:         0       0       0       0
      Temps:          2       0       0       0
      Totals:         2       0       0       0
Total ram usage:        2 bytes
 Hardware stack levels used:    1
 Hardware stack levels required when called:    3
 This function calls:
		_sentdata
 This function is called by:
		_LCM_init
 This function uses a non-reentrant model


 *************** function _LCD_ON *****************
 Defined at:
		line 139 in file "./LCM_sent_double_data.c"
 Parameters:    Size  Location     Type
		None
 Auto vars:     Size  Location     Type
		None
 Return value:  Size  Location     Type
                  1    wreg      void 
 Registers used:
		wreg, fsr1l, fsr1h, status,2, status,0, pclath, cstack
 Tracked objects:
		On entry : 
		On exit  : 
		Unchanged: 
 Data sizes:     COMMON   BANK0   BANK1   BANK2
      Params:         0       0       0       0
      Locals:         0       0       0       0
      Temps:          2       0       0       0
      Totals:         2       0       0       0
Total ram usage:        2 bytes
 Hardware stack levels used:    1
 Hardware stack levels required when called:    3
 This function calls:
		_sentdata
 This function is called by:
		_LCM_init
 This function uses a non-reentrant model


 *************** function _LCD_BIAS_DUTY_1_2_4COM *****************
 Defined at:
		line 112 in file "./LCM_sent_double_data.c"
 Parameters:    Size  Location     Type
		None
 Auto vars:     Size  Location     Type
		None
 Return value:  Size  Location     Type
                  1    wreg      void 
 Registers used:
		wreg, fsr1l, fsr1h, status,2, status,0, pclath, cstack
 Tracked objects:
		On entry : 
		On exit  : 
		Unchanged: 
 Data sizes:     COMMON   BANK0   BANK1   BANK2
      Params:         0       0       0       0
      Locals:         0       0       0       0
      Temps:          1       0       0       0
      Totals:         1       0       0       0
Total ram usage:        1 bytes
 Hardware stack levels used:    1
 Hardware stack levels required when called:    3
 This function calls:
		_sentdata
 This function is called by:
		_LCM_init
 This function uses a non-reentrant model


 *************** function _Clear_Ram_data *****************
 Defined at:
		line 148 in file "./LCM_sent_double_data.c"
 Parameters:    Size  Location     Type
		None
 Auto vars:     Size  Location     Type
		None
 Return value:  Size  Location     Type
                  1    wreg      void 
 Registers used:
		wreg, fsr1l, fsr1h, status,2, status,0, pclath, cstack
 Tracked objects:
		On entry : 
		On exit  : 
		Unchanged: 
 Data sizes:     COMMON   BANK0   BANK1   BANK2
      Params:         0       0       0       0
      Locals:         0       0       0       0
      Temps:          1       0       0       0
      Totals:         1       0       0       0
Total ram usage:        1 bytes
 Hardware stack levels used:    1
 Hardware stack levels required when called:    3
 This function calls:
		_sentdata
 This function is called by:
		_LCM_init
 This function uses a non-reentrant model


 *************** function _sentdata *****************
 Defined at:
		line 43 in file "./LCM_sent_double_data.c"
 Parameters:    Size  Location     Type
  slave_addres    1    wreg     unsigned char 
  Ram_address     2    1[COMMON] unsigned int 
  Ram_data        1    3[COMMON] unsigned char 
  bit             1    4[COMMON] unsigned char 
 Auto vars:     Size  Location     Type
  slave_addres    1   40[BANK0 ] unsigned char 
  databuff       40    0[BANK0 ] unsigned char [40]
  slave_length    1   41[BANK0 ] unsigned char 
 Return value:  Size  Location     Type
                  1    wreg      unsigned char 
 Registers used:
		wreg, fsr1l, fsr1h, status,2, status,0
 Tracked objects:
		On entry : 
		On exit  : 
		Unchanged: 
 Data sizes:     COMMON   BANK0   BANK1   BANK2
      Params:         4       0       0       0
      Locals:         0      42       0       0
      Temps:          3       0       0       0
      Totals:         7      42       0       0
Total ram usage:       49 bytes
 Hardware stack levels used:    1
 Hardware stack levels required when called:    2
 This function calls:
		Nothing
 This function is called by:
		_LCD_BIAS_DUTY_1_2_4COM
		_system_enable
		_LCD_ON
		_Clear_Ram_data
		_main
		_Clock_Source
		_RC_256K
		_LCD_OFF
 This function uses a non-reentrant model


 *************** function _IO_inital *****************
 Defined at:
		line 96 in file "./LCM_sent_double_data.c"
 Parameters:    Size  Location     Type
		None
 Auto vars:     Size  Location     Type
		None
 Return value:  Size  Location     Type
                  1    wreg      void 
 Registers used:
		None
 Tracked objects:
		On entry : 
		On exit  : 
		Unchanged: 
 Data sizes:     COMMON   BANK0   BANK1   BANK2
      Params:         0       0       0       0
      Locals:         0       0       0       0
      Temps:          0       0       0       0
      Totals:         0       0       0       0
Total ram usage:        0 bytes
 Hardware stack levels used:    1
 Hardware stack levels required when called:    2
 This function calls:
		Nothing
 This function is called by:
		_main
 This function uses a non-reentrant model


 *************** function _ISR *****************
 Defined at:
		line 34 in file "./LCM_sent_double_data.c"
 Parameters:    Size  Location     Type
		None
 Auto vars:     Size  Location     Type
		None
 Return value:  Size  Location     Type
                  1    wreg      void 
 Registers used:
		wreg, status,2, status,0, pclath, cstack
 Tracked objects:
		On entry : 
		On exit  : 
		Unchanged: 
 Data sizes:     COMMON   BANK0   BANK1   BANK2
      Params:         0       0       0       0
      Locals:         0       0       0       0
      Temps:          0       0       0       0
      Totals:         0       0       0       0
Total ram usage:        0 bytes
 Hardware stack levels used:    1
 Hardware stack levels required when called:    1
 This function calls:
		_CLK
 This function is called by:
		Interrupt level 1
 This function uses a non-reentrant model


 *************** function _CLK *****************
 Defined at:
		line 4 in file "./LCM_sent_double_data.c"
 Parameters:    Size  Location     Type
		None
 Auto vars:     Size  Location     Type
		None
 Return value:  Size  Location     Type
                  1    wreg      void 
 Registers used:
		wreg, status,2, status,0
 Tracked objects:
		On entry : 
		On exit  : 
		Unchanged: 
 Data sizes:     COMMON   BANK0   BANK1   BANK2
      Params:         0       0       0       0
      Locals:         0       0       0       0
      Temps:          1       0       0       0
      Totals:         1       0       0       0
Total ram usage:        1 bytes
 Hardware stack levels used:    1
 This function calls:
		Nothing
 This function is called by:
		_ISR
 This function uses a non-reentrant model



MODULE INFORMATION

Module		Function		Class		Link	Load	Size
LCM_SPI_senddataversion2.c
		_main          		CODE           	00FD	0000	41
		_LCM_init      		CODE           	01D7	0000	14

LCM_SPI_senddataversion2.c estimated size: 55

./LCM_sent_double_data.c
		_Timer0_Init   		CODE           	01C5	0000	19
		_LCD_BIAS_DUTY_1_2_4COM		CODE           	017F	0000	27
		_ISR           		CODE           	0004	0000	15
		_system_enable 		CODE           	0147	0000	29
		_IO_inital     		CODE           	01B2	0000	20
		_sentdata      		CODE           	0027	0000	215
		_CLK           		CODE           	0125	0000	35
		_Clear_Ram_data		CODE           	0199	0000	26
		_LCD_ON        		CODE           	0163	0000	29

./LCM_sent_double_data.c estimated size: 415

shared
		__initialization		CODE           	0013	0000	18

shared estimated size: 18

